../Core/Src/main.c:145:5:main	8	static
../Core/Src/main.c:197:6:SystemClock_Config	88	static
../Core/Src/main.c:236:13:MX_I2C1_Init	8	static
../Core/Src/main.c:268:6:MX_SPI1_Init	8	static
../Core/Src/main.c:304:13:MX_TIM2_Init	64	static
../Core/Src/main.c:359:6:MX_GPIO_Init	40	static
../Core/Src/main.c:400:6:RFID_Process	8	static
../Core/Src/main.c:422:6:I2C_DENIED	16	static
../Core/Src/main.c:438:6:I2C_GRANTED	16	static
../Core/Src/main.c:460:6:I2C_WELCOME	16	static
../Core/Src/main.c:472:6:I2C_CARD	96	static
../Core/Src/main.c:499:6:GenerateTone	16	static
../Core/Src/main.c:508:6:Reset_TIM2	8	static
../Core/Src/main.c:518:9:RC522_SPI_Transfer	32	static
../Core/Src/main.c:525:6:Write_MFRC522	16	static
../Core/Src/main.c:535:9:Read_MFRC522	24	static
../Core/Src/main.c:552:6:SetBitMask	24	static
../Core/Src/main.c:557:6:ClearBitMask	24	static
../Core/Src/main.c:562:6:AntennaOn	8	static
../Core/Src/main.c:567:6:MFRC522_Reset	8	static
../Core/Src/main.c:571:6:MFRC522_Init	8	static
../Core/Src/main.c:584:9:MFRC522_ToCard	48	static
../Core/Src/main.c:627:9:MFRC522_Request	32	static
../Core/Src/main.c:639:9:MFRC522_Anticoll	32	static
../Core/Src/main.c:676:13:I2C_LCD_ExpanderWrite	32	static
../Core/Src/main.c:682:13:I2C_LCD_EnPulse	16	static
../Core/Src/main.c:691:13:I2C_LCD_Write4Bits	16	static
../Core/Src/main.c:696:13:I2C_LCD_Send	24	static
../Core/Src/main.c:708:13:I2C_LCD_Cmd	16	static
../Core/Src/main.c:712:13:I2C_LCD_Data	16	static
../Core/Src/main.c:718:6:I2C_LCD_Init	8	static
../Core/Src/main.c:742:6:I2C_LCD_Clear	8	static
../Core/Src/main.c:747:6:I2C_LCD_SetCursor	40	static
../Core/Src/main.c:755:6:I2C_LCD_WriteString	16	static
../Core/Src/main.c:764:6:Delay_us	24	static
../Core/Src/main.c:771:6:DWT_Init	4	static
../Core/Src/main.c:785:6:Error_Handler	4	static,ignoring_inline_asm
